2026-01-07 20:17:40.328837: I tensorflow/core/util/port.cc:153] oneDNN custom operations are on. You may see slightly different numerical results due to floating-point round-off errors from different computation orders. To turn them off, set the environment variable `TF_ENABLE_ONEDNN_OPTS=0`.
2026-01-07 20:17:49.532555: I tensorflow/core/util/port.cc:153] oneDNN custom operations are on. You may see slightly different numerical results due to floating-point round-off errors from different computation orders. To turn them off, set the environment variable `TF_ENABLE_ONEDNN_OPTS=0`.
============================================================
RUNNING LSTM FORECAST
============================================================
Columns found in Excel file: ['Nomor Invoice', 'Tanggal Transaksi', 'Nama Pelanggan', 'ID Pelanggan', 'Instansi', 'Jenis Pembelian', 'Kota', 'ID-Produk', 'Nama Produk', 'Kategori', 'Bahan', 'Warna', 'Jumlah', 'Harga Satuan', 'Total Harga', 'Metode Pembayaran', 'Tanggal Kirim', 'Status Pengiriman', 'Nama Sales', 'Unnamed: 19', 'Unnamed: 20', 'Unnamed: 21', 'Unnamed: 22']
Using column mapping: {'date': 'Tanggal Transaksi', 'qty': 'Jumlah', 'product': 'Nama Produk', 'category': 'Kategori'}
[INFO LSTM] Data difilter sampai: 2024-12-31
[INFO LSTM] Data setelah filter: 607 rows
[DEBUG LSTM] Global last date: 2024-12-01
Most recent data date across all products: 2024-12-01
[DEBUG LSTM] Forecast start: 2025-01-01
Forecasting period: 2025-01-01 to 2026-12-01
[DEBUG LSTM] Q1 2025 dates in forecast_index: ['2025-01-01', '2025-02-01', '2025-03-01']
[DEBUG LSTM] Total Q1 2025 months: 3
2026-01-07 20:17:55.842041: I tensorflow/core/platform/cpu_feature_guard.cc:210] This TensorFlow binary is optimized to use available CPU instructions in performance-critical operations.
To enable the following instructions: SSE3 SSE4.1 SSE4.2 AVX AVX2 FMA, in other operations, rebuild TensorFlow with the appropriate compiler flags.

[DEBUG BUILD_FRAMES LSTM] Total rows in fpp: 5664
[DEBUG BUILD_FRAMES LSTM] Q1 2025 rows in fpp: 708
[DEBUG BUILD_FRAMES LSTM] Q1 2025 unique dates: [datetime.date(2025, 1, 1), datetime.date(2025, 2, 1), datetime.date(2025, 3, 1)]
[DEBUG BUILD_FRAMES LSTM] Q1 2025 unique months: [np.int32(1), np.int32(2), np.int32(3)]
[DEBUG BUILD_FRAMES LSTM] Q1 2025 total mean sum: 20504.58
Chart Top-5 grouped disimpan di: D:\tesis\forecast_plots\bulan\top5_grouped_24m.png

============================================================
QUARTERLY AGGREGATION & BORDA COUNT RANKING
============================================================

=== Aggregating Monthly Data to Quarterly ===

[DEBUG AGGREGATE LSTM] Total rows in monthly_df: 5664
[DEBUG AGGREGATE LSTM] Total rows after date conversion: 5664
[DEBUG AGGREGATE LSTM] Date range: 2025-01-01 00:00:00 to 2026-12-01 00:00:00

[DEBUG AGGREGATE LSTM] Data per year:
  Year 2025: 2832 rows
    Months: [np.int32(1), np.int32(2), np.int32(3), np.int32(4), np.int32(5), np.int32(6), np.int32(7), np.int32(8), np.int32(9), np.int32(10), np.int32(11), np.int32(12)]
    Quarters: ['Q1', 'Q2', 'Q3', 'Q4']
    Q1 2025 rows: 708
    Q1 2025 sample dates: [Timestamp('2025-01-01 00:00:00'), Timestamp('2025-02-01 00:00:00'), Timestamp('2025-03-01 00:00:00')]
    Q1 2025 unique months: [np.int32(1), np.int32(2), np.int32(3)]
    Q1 2025 total mean sum: 20504.58
  Year 2026: 2832 rows
    Months: [np.int32(1), np.int32(2), np.int32(3), np.int32(4), np.int32(5), np.int32(6), np.int32(7), np.int32(8), np.int32(9), np.int32(10), np.int32(11), np.int32(12)]
    Quarters: ['Q1', 'Q2', 'Q3', 'Q4']
Years found: [np.int32(2025), np.int32(2026)]

Year 2025 - Quarters available: ['Q1', 'Q2', 'Q3', 'Q4']
  Q1: Top 5 products identified
    Rank 1: kursi auditorium ll 516 tb tg... = 3020.75
    Rank 2: kursi auditorium ll 526 tb... = 1517.97
    Rank 3: kursi auditorium ll 184... = 1369.21
    Rank 4: kursi kerja dp 301 tb... = 1266.53
    Rank 5: kursi siswa ll 507 tc... = 919.89
  Q2: Top 5 products identified
    Rank 1: kursi auditorium ll 516 tb tg... = 3110.92
    Rank 2: kursi auditorium ll 526 tb... = 1563.27
    Rank 3: kursi auditorium ll 184... = 1410.07
    Rank 4: kursi kerja dp 301 tb... = 1271.97
    Rank 5: kursi auditorium ll 516 tb... = 951.20
  Q3: Top 5 products identified
    Rank 1: kursi auditorium ll 516 tb tg... = 3194.00
    Rank 2: kursi auditorium ll 526 tb... = 1605.03
    Rank 3: kursi auditorium ll 184... = 1447.73
    Rank 4: kursi kerja dp 301 tb... = 1280.95
    Rank 5: kursi auditorium ll 516 tb... = 1015.61
  Q4: Top 5 products identified
    Rank 1: kursi auditorium ll 516 tb tg... = 3163.89
    Rank 2: kursi auditorium ll 526 tb... = 1589.89
    Rank 3: kursi auditorium ll 184... = 1434.08
    Rank 4: kursi kerja dp 301 tb... = 1235.58
    Rank 5: kursi auditorium ll 516 tb... = 1001.10

Year 2026 - Quarters available: ['Q1', 'Q2', 'Q3', 'Q4']
  Q1: Top 5 products identified
    Rank 1: kursi auditorium ll 516 tb tg... = 3013.14
    Rank 2: kursi auditorium ll 526 tb... = 1514.14
    Rank 3: kursi auditorium ll 184... = 1365.75
    Rank 4: kursi kerja dp 301 tb... = 1174.43
    Rank 5: kursi auditorium ll 516 tb... = 997.04
  Q2: Top 5 products identified
    Rank 1: kursi auditorium ll 516 tb tg... = 2846.10
    Rank 2: kursi auditorium ll 526 tb... = 1430.20
    Rank 3: kursi auditorium ll 184... = 1290.04
    Rank 4: kursi kerja dp 301 tb... = 1220.30
    Rank 5: kursi auditorium ll 516 tb... = 1050.63
  Q3: Top 5 products identified
    Rank 1: kursi auditorium ll 516 tb tg... = 2785.47
    Rank 2: kursi auditorium ll 526 tb... = 1399.73
    Rank 3: kursi auditorium ll 184... = 1262.56
    Rank 4: kursi kerja dp 301 tb... = 1231.43
    Rank 5: kursi auditorium ll 516 tb... = 1042.13
  Q4: Top 5 products identified
    Rank 1: kursi auditorium ll 516 tb tg... = 2803.02
    Rank 2: kursi auditorium ll 526 tb... = 1408.55
    Rank 3: kursi auditorium ll 184... = 1270.51
    Rank 4: kursi kerja dp 301 tb... = 1219.33
    Rank 5: kursi auditorium ll 516 tb... = 1046.81

============================================================
Processing Year: 2025
============================================================
[DEBUG SAVE] Q1 rows sebelum save: 5
[DEBUG SAVE] Q1 sample data:
   year quarter  rank                        product           category  quarterly_sum
0  2025      Q1     1  kursi auditorium ll 516 tb tg  Auditorium Series        3020.75
1  2025      Q1     2     kursi auditorium ll 526 tb  Auditorium Series        1517.97
2  2025      Q1     3        kursi auditorium ll 184  Auditorium Series        1369.21

Quarterly rankings saved: D:\tesis\quarterly_top5_2025.csv
[DEBUG VERIFY] Q1 rows setelah save: 5

=== Calculating Borda Count for Year 2025 ===

Top 5 Products for 2025 (Borda Count):
  Rank 1: kursi auditorium ll 516 tb tg...
         Total Score: 20 (Q1:5 Q2:5 Q3:5 Q4:5)
  Rank 2: kursi auditorium ll 526 tb...
         Total Score: 16 (Q1:4 Q2:4 Q3:4 Q4:4)
  Rank 3: kursi auditorium ll 184...
         Total Score: 12 (Q1:3 Q2:3 Q3:3 Q4:3)
  Rank 4: kursi kerja dp 301 tb...
         Total Score: 8 (Q1:2 Q2:2 Q3:2 Q4:2)
  Rank 5: kursi auditorium ll 516 tb...
         Total Score: 3 (Q1:0 Q2:1 Q3:1 Q4:1)
Yearly Borda rankings saved: D:\tesis\yearly_top5_borda_2025.csv

============================================================
Processing Year: 2026
============================================================
[DEBUG SAVE] Q1 rows sebelum save: 5
[DEBUG SAVE] Q1 sample data:
   year quarter  rank                        product           category  quarterly_sum
0  2026      Q1     1  kursi auditorium ll 516 tb tg  Auditorium Series        3013.14
1  2026      Q1     2     kursi auditorium ll 526 tb  Auditorium Series        1514.14
2  2026      Q1     3        kursi auditorium ll 184  Auditorium Series        1365.75

Quarterly rankings saved: D:\tesis\quarterly_top5_2026.csv
[DEBUG VERIFY] Q1 rows setelah save: 5

=== Calculating Borda Count for Year 2026 ===

Top 5 Products for 2026 (Borda Count):
  Rank 1: kursi auditorium ll 516 tb tg...
         Total Score: 20 (Q1:5 Q2:5 Q3:5 Q4:5)
  Rank 2: kursi auditorium ll 526 tb...
         Total Score: 16 (Q1:4 Q2:4 Q3:4 Q4:4)
  Rank 3: kursi auditorium ll 184...
         Total Score: 12 (Q1:3 Q2:3 Q3:3 Q4:3)
  Rank 4: kursi kerja dp 301 tb...
         Total Score: 8 (Q1:2 Q2:2 Q3:2 Q4:2)
  Rank 5: kursi auditorium ll 516 tb...
         Total Score: 4 (Q1:1 Q2:1 Q3:1 Q4:1)
Yearly Borda rankings saved: D:\tesis\yearly_top5_borda_2026.csv

============================================================
GENERATING COMBINED VISUALIZATIONS (2025-2026)
============================================================

=== Creating Combined Yearly Top-5 Plot (2025-2026) ===
  Saved: D:\tesis\forecast_plots\top5_yearly.png

=== Creating Combined Quarterly Top-5 Plot (2025-2026) ===
  Saved: D:\tesis\forecast_plots\top5_quarterly.png

=== Creating Combined Borda Count Process Visualization (2025-2026) ===
  Saved: D:\tesis\forecast_plots\borda_count_process.png

============================================================
QUARTERLY AGGREGATION & VISUALIZATION COMPLETED SUCCESSFULLY
============================================================

Output files generated:
  - D:\tesis\forecast_plots\top5_yearly.png
  - D:\tesis\forecast_plots\top5_quarterly.png
  - D:\tesis\forecast_plots\borda_count_process.png

Forecasting completed: {'per_product_csv': 'D:\\tesis\\forecast_per_product_24m.csv', 'total_csv': 'D:\\tesis\\forecast_total_24m.csv', 'topn_csv': 'D:\\tesis\\topN_per_month_24m.csv', 'diagnostics_csv': 'D:\\tesis\\forecast_diagnostics.csv', 'plots_dir': 'D:\\tesis\\forecast_plots\\bulan', 'quarterly_plots_dir': 'D:\\tesis\\forecast_plots'}
