================================================================================
SES FORECAST LOG
Started: 2026-01-07 09:26:08
================================================================================

Python executable: C:\Users\User\AppData\Local\Programs\Python\Python313\python.exe
Script path: D:\tesis\ses_monthly_product_forecast_24m.py
Data path: D:\tesis\Data_Penjualan_Dengan_ID_Pelanggan.xlsx
Output directory: D:\tesis

Command: C:\Users\User\AppData\Local\Programs\Python\Python313\python.exe -u D:\tesis\ses_monthly_product_forecast_24m.py --file D:\tesis\Data_Penjualan_Dengan_ID_Pelanggan.xlsx --out D:\tesis --topk 5 --months 24 --minpts 6
Working directory: D:\tesis

================================================================================

PROCESS OUTPUT:

================================================================================

Process started with PID: 18148

[INFO] Kolom di Excel: ['Nomor Invoice', 'Tanggal Transaksi', 'Nama Pelanggan', 'ID Pelanggan', 'Instansi', 'Jenis Pembelian', 'Kota', 'ID-Produk', 'Nama Produk', 'Kategori', 'Bahan', 'Warna', 'Jumlah', 'Harga Satuan', 'Total Harga', 'Metode Pembayaran', 'Tanggal Kirim', 'Status Pengiriman', 'Nama Sales', 'Unnamed: 19', 'Unnamed: 20', 'Unnamed: 21', 'Unnamed: 22']
[OK] Kolom 'category' sudah ada dari mapping
[INFO] Data difilter sampai: 2024-12-31
[INFO] Data setelah filter: 607 rows
[DEBUG SES] Global last date: 2024-12-01
[DEBUG SES] Forecast start: 2025-01-01
[DEBUG SES] Forecast period: 2025-01-01 to 2026-12-01
[DEBUG SES] Q1 2025 dates in future_dates: ['2025-01-01', '2025-02-01', '2025-03-01']
[DEBUG SES] Total Q1 2025 months: 3

[DEBUG BUILD_FRAMES] Total rows in per_product_df: 2040
[DEBUG BUILD_FRAMES] Q1 2025 rows in per_product_df: 255
[DEBUG BUILD_FRAMES] Q1 2025 unique dates: [datetime.date(2025, 1, 1), datetime.date(2025, 2, 1), datetime.date(2025, 3, 1)]
[DEBUG BUILD_FRAMES] Q1 2025 unique months: [np.int32(1), np.int32(2), np.int32(3)]
[DEBUG BUILD_FRAMES] Q1 2025 total forecast sum: 3900.77
Menghitung evaluasi metrik...
Evaluasi metrik disimpan: D:\tesis\ses_evaluation_metrics.csv
Rata-rata metrik evaluasi:
  MAE: 16.8179
  RMSE: 22.9657
  MAPE: 89.39%

============================================================
QUARTERLY AGGREGATION & BORDA COUNT RANKING (SES)
============================================================

=== Aggregating Monthly Data to Quarterly (SES) ===
Strategy: Group by Product + Category (Opsi A - Detail per category)

[DEBUG AGGREGATE] Total rows in per_product_df: 2040
[DEBUG AGGREGATE] Total rows after date conversion: 2040
[DEBUG AGGREGATE] Date range: 2025-01-01 00:00:00 to 2026-12-01 00:00:00

[DEBUG AGGREGATE] Data per year:
  Year 2025: 1020 rows
    Months: [np.int32(1), np.int32(2), np.int32(3), np.int32(4), np.int32(5), np.int32(6), np.int32(7), np.int32(8), np.int32(9), np.int32(10), np.int32(11), np.int32(12)]
    Quarters: ['Q1', 'Q2', 'Q3', 'Q4']
    Q1 2025 rows: 255
    Q1 2025 sample dates: [Timestamp('2025-01-01 00:00:00'), Timestamp('2025-02-01 00:00:00'), Timestamp('2025-03-01 00:00:00')]
    Q1 2025 unique months: [np.int32(1), np.int32(2), np.int32(3)]
    Q1 2025 total forecast sum: 3900.77
  Year 2026: 1020 rows
    Months: [np.int32(1), np.int32(2), np.int32(3), np.int32(4), np.int32(5), np.int32(6), np.int32(7), np.int32(8), np.int32(9), np.int32(10), np.int32(11), np.int32(12)]
    Quarters: ['Q1', 'Q2', 'Q3', 'Q4']
Years found: [np.int32(2025), np.int32(2026)]

Year 2025 - Quarters available: ['Q1', 'Q2', 'Q3', 'Q4']
  Q1: Top 5 products identified
    Rank 1: kursi kerja dp 301 tb (Stacking Series)... = 552.47
    Rank 2: kursi kerja br 205 ha (Secretary Series)... = 465.00
    Rank 3: kursi auditorium ll 520 tb (Auditorium Series)... = 407.83
    Rank 4: kursi kerja dp 308 (Stacking Series)... = 312.00
    Rank 5: kursi br 211 ca mesh (Secretary Series)... = 243.00
  Q2: Top 5 products identified
    Rank 1: kursi kerja dp 301 tb (Stacking Series)... = 552.47
    Rank 2: kursi kerja br 205 ha (Secretary Series)... = 465.00
    Rank 3: kursi auditorium ll 516 tb (Auditorium Series)... = 318.78
    Rank 4: kursi kerja dp 308 (Stacking Series)... = 312.00
    Rank 5: kursi auditorium ll 520 tb (Auditorium Series)... = 296.21
  Q3: Top 5 products identified
    Rank 1: kursi kerja dp 301 tb (Stacking Series)... = 552.47
    Rank 2: kursi kerja br 205 ha (Secretary Series)... = 465.00
    Rank 3: kursi kerja dp 308 (Stacking Series)... = 312.00
    Rank 4: kursi auditorium ll 516 tb (Auditorium Series)... = 311.04
    Rank 5: kursi auditorium ll 520 tb (Auditorium Series)... = 246.26
  Q4: Top 5 products identified
    Rank 1: kursi kerja dp 301 tb (Stacking Series)... = 552.47
    Rank 2: kursi kerja br 205 ha (Secretary Series)... = 465.00
    Rank 3: kursi auditorium ll 520 tb (Auditorium Series)... = 360.63
    Rank 4: kursi kerja dp 308 (Stacking Series)... = 312.00
    Rank 5: kursi br 211 ca mesh (Secretary Series)... = 243.00

Year 2026 - Quarters available: ['Q1', 'Q2', 'Q3', 'Q4']
  Q1: Top 5 products identified
    Rank 1: kursi kerja dp 301 tb (Stacking Series)... = 552.47
    Rank 2: kursi auditorium ll 520 tb (Auditorium Series)... = 491.43
    Rank 3: kursi kerja br 205 ha (Secretary Series)... = 465.00
    Rank 4: kursi kerja dp 308 (Stacking Series)... = 312.00
    Rank 5: kursi br 211 ca mesh (Secretary Series)... = 243.00
  Q2: Top 5 products identified
    Rank 1: kursi kerja dp 301 tb (Stacking Series)... = 552.47
    Rank 2: kursi kerja br 205 ha (Secretary Series)... = 465.00
    Rank 3: kursi auditorium ll 520 tb (Auditorium Series)... = 378.58
    Rank 4: kursi auditorium ll 516 tb (Auditorium Series)... = 349.50
    Rank 5: kursi kerja dp 308 (Stacking Series)... = 312.00
  Q3: Top 5 products identified
    Rank 1: kursi kerja dp 301 tb (Stacking Series)... = 552.47
    Rank 2: kursi kerja br 205 ha (Secretary Series)... = 465.00
    Rank 3: kursi auditorium ll 516 tb (Auditorium Series)... = 339.79
    Rank 4: kursi auditorium ll 520 tb (Auditorium Series)... = 327.39
    Rank 5: kursi kerja dp 308 (Stacking Series)... = 312.00
  Q4: Top 5 products identified
    Rank 1: kursi kerja dp 301 tb (Stacking Series)... = 552.47
    Rank 2: kursi kerja br 205 ha (Secretary Series)... = 465.00
    Rank 3: kursi auditorium ll 520 tb (Auditorium Series)... = 440.55
    Rank 4: kursi kerja dp 308 (Stacking Series)... = 312.00
    Rank 5: kursi br 211 ca mesh (Secretary Series)... = 243.00

============================================================
Processing Year: 2025
============================================================

Quarterly rankings saved: D:\tesis\quarterly_top5_ses_2025.csv

=== Calculating Borda Count Ranking for 2025 (SES) ===
Strategy: Tracking product + category combinations (Opsi A)

Borda Count Results for 2025:
  #1: kursi kerja dp 301 tb (Stacking Series) - Score=20
  #2: kursi kerja br 205 ha (Secretary Series) - Score=16
  #3: kursi kerja dp 308 (Stacking Series) - Score=9
  #4: kursi auditorium ll 520 tb (Auditorium Series) - Score=8
  #5: kursi auditorium ll 516 tb (Auditorium Series) - Score=5
Yearly Borda rankings saved: D:\tesis\yearly_top5_borda_ses_2025.csv

============================================================
Processing Year: 2026
============================================================

Quarterly rankings saved: D:\tesis\quarterly_top5_ses_2026.csv

=== Calculating Borda Count Ranking for 2026 (SES) ===
Strategy: Tracking product + category combinations (Opsi A)

Borda Count Results for 2026:
  #1: kursi kerja dp 301 tb (Stacking Series) - Score=20
  #2: kursi kerja br 205 ha (Secretary Series) - Score=15
  #3: kursi auditorium ll 520 tb (Auditorium Series) - Score=12
  #4: kursi kerja dp 308 (Stacking Series) - Score=6
  #5: kursi auditorium ll 516 tb (Auditorium Series) - Score=5
Yearly Borda rankings saved: D:\tesis\yearly_top5_borda_ses_2026.csv

============================================================
GENERATING COMBINED VISUALIZATIONS (SES)
============================================================

=== Creating Combined Yearly Top-5 Plot (2025-2026) - SES ===
  Saved: forecast_plots\top5_yearly_ses.png

=== Creating Combined Quarterly Top-5 Plot (2025-2026) - SES ===
  Saved: forecast_plots\top5_quarterly_ses.png

=== Creating Combined Borda Count Process Visualization (2025-2026) - SES ===
  Saved: forecast_plots\borda_count_process_ses.png

============================================================
QUARTERLY AGGREGATION & VISUALIZATION COMPLETED (SES)
============================================================

Selesai! File disimpan:
 - D:\tesis\forecast_per_product_ses_24m.csv
 - D:\tesis\forecast_total_ses_24m.csv
 - D:\tesis\topN_per_month_ses_24m.csv
 - D:\tesis\ses_skipped_products.csv
 - D:\tesis\ses_evaluation_metrics.csv
 - forecast_plots\bulan\top5_grouped_24m_ses.png
 - forecast_plots\top5_yearly_ses.png
 - forecast_plots\top5_quarterly_ses.png
 - forecast_plots\borda_count_process_ses.png
